management_tool.c:101:13:str_to_mac	48	static
management_tool.c:197:15:wait_for.constprop	128	static
management_tool.c:1000:12:read_fw_register_value	1536	static
management_tool.c:168:13:rx_callback	32	static
management_tool.c:232:21:hlb_str_to_binary	80	static
management_tool.c:84:6:append_to_buffer	352	static
management_tool.c:175:12:write_output	48	static
management_tool.c:257:12:process_cmd_set_key	65648	static
management_tool.c:1305:12:process_cmd_get_d_link_status.constprop	65600	static
management_tool.c:1263:12:process_cmd_get_device_state.constprop	65600	static
management_tool.c:828:12:process_cmd_get_snr.constprop	17504	static
management_tool.c:763:12:process_cmd_get_line_noise_estimation.constprop	8576	static
management_tool.c:656:12:process_cmd_get_channel_estimation.constprop	71728	static
management_tool.c:593:12:process_cmd_get_amp_map.constprop	4224	static
management_tool.c:514:12:process_cmd_device_info.constprop	66272	static
management_tool.c:379:12:process_cmd_get_device_version.constprop	65648	static
management_tool.c:883:12:process_cmd_link_stats	65760	static
management_tool.c:1087:12:process_cmd_get_noise_floor	1632	static
management_tool.c:1501:5:main	160	static
