src/osal.c:99:13:hlb_log_format	144	static
src/osal.c:329:10:get_msectime	48	static
src/osal.c:344:6:hlb_log_set	0	static
src/osal.c:349:6:hlb_log_error	288	static
src/osal.c:206:21:NIC_get_adapter	3488	static
src/osal.c:357:6:hlb_log_info	288	static
src/osal.c:365:6:hlb_log_debug	288	static
src/osal.c:373:14:osal_thread_create	144	static
src/osal.c:398:6:osal_thread_delete	0	static
src/osal.c:403:5:osal_thread_join	16	static
src/osal.c:413:8:osal_lock_alloc_size	0	static
src/osal.c:418:14:osal_lock_init	16	static
src/osal.c:426:14:osal_lock_lock	16	static
src/osal.c:433:14:osal_lock_unlock	16	static
src/osal.c:440:14:osal_lock_destroy	16	static
src/osal.c:449:8:ETH_handle_alloc_size	0	static
src/osal.c:454:14:ETH_get_mac_address_by_interface_name	144	static
src/osal.c:531:14:ETH_tx	112	static
src/osal.c:578:14:ETH_rx	272	static
src/osal.c:697:6:ETH_break_rx	0	static
src/osal.c:712:14:CM_connect	80	static
src/osal.c:753:6:CM_disconnect	32	static
src/osal.c:774:5:osal_cond_lock_lock	0	static
src/osal.c:779:5:osal_cond_lock_unlock	0	static
src/osal.c:784:5:osal_wait_on_condition	0	static
src/osal.c:790:5:osal_wait_on_timed_condition	80	static
src/osal.c:799:5:osal_release_condition	0	static
src/osal.c:804:8:osal_cond_lock_alloc_size	0	static
src/osal.c:809:14:osal_cond_lock_init	32	static
src/osal.c:823:5:osal_update_timestamp	64	static
src/osal.c:832:6:osal_msleep	0	static
src/osal.c:837:6:osal_sleep	0	static
src/osal.c:842:6:osal_get_file_size	32	static
