source/HLB_apcm.c:36:14:HLB_apcm_set_key_req_send	1584	static
source/HLB_apcm.c:61:14:HLB_apcm_set_key_cnf_receive	1584	static
source/HLB_apcm.c:87:14:HLB_apcm_get_key_req_send	1584	static
source/HLB_apcm.c:111:14:HLB_apcm_get_key_cnf_receive	1584	static
source/HLB_apcm.c:137:14:HLB_apcm_set_cco_req_send	1584	static
source/HLB_apcm.c:162:14:HLB_apcm_set_cco_cnf_receive	1584	static
source/HLB_apcm.c:188:14:HLB_apcm_get_ntb_req_send	1584	static
source/HLB_apcm.c:212:14:HLB_apcm_get_ntb_cnf_receive	1584	static
source/HLB_apcm.c:238:14:HLB_apcm_get_security_mode_req_send	1584	static
source/HLB_apcm.c:262:14:HLB_apcm_get_security_mode_cnf_receive	1584	static
source/HLB_apcm.c:288:14:HLB_apcm_set_security_mode_req_send	1584	static
source/HLB_apcm.c:313:14:HLB_apcm_set_security_mode_cnf_receive	1584	static
source/HLB_apcm.c:339:14:HLB_apcm_get_networks_req_send	1584	static
source/HLB_apcm.c:363:14:HLB_apcm_get_networks_cnf_receive	1584	static
source/HLB_apcm.c:389:14:HLB_apcm_set_networks_req_send	1584	static
source/HLB_apcm.c:414:14:HLB_apcm_set_networks_cnf_receive	1584	static
source/HLB_apcm.c:440:14:HLB_apcm_get_new_sta_req_send	1584	static
source/HLB_apcm.c:464:14:HLB_apcm_get_new_sta_cnf_receive	1584	static
source/HLB_apcm.c:490:14:HLB_apcm_get_new_sta_ind_receive	1584	static
source/HLB_apcm.c:516:14:HLB_apcm_sta_restart_req_send	1584	static
source/HLB_apcm.c:540:14:HLB_apcm_sta_restart_cnf_receive	1584	static
source/HLB_apcm.c:566:14:HLB_apcm_net_exit_req_send	1584	static
source/HLB_apcm.c:590:14:HLB_apcm_net_exit_cnf_receive	1584	static
source/HLB_apcm.c:616:14:HLB_apcm_set_tone_mask_req_send	1584	static
source/HLB_apcm.c:641:14:HLB_apcm_set_tone_mask_cnf_receive	1584	static
source/HLB_apcm.c:667:14:HLB_apcm_sta_cap_req_send	1584	static
source/HLB_apcm.c:691:14:HLB_apcm_sta_cap_cnf_receive	1584	static
source/HLB_apcm.c:717:14:HLB_apcm_nw_info_req_send	1584	static
source/HLB_apcm.c:741:14:HLB_apcm_nw_info_cnf_receive	1584	static
source/HLB_apcm.c:767:14:HLB_apcm_get_beacon_req_send	1584	static
source/HLB_apcm.c:792:14:HLB_apcm_get_beacon_cnf_receive	1584	static
source/HLB_apcm.c:818:14:HLB_apcm_get_hfid_req_send	1584	static
source/HLB_apcm.c:843:14:HLB_apcm_get_hfid_cnf_receive	1584	static
source/HLB_apcm.c:869:14:HLB_apcm_set_hfid_req_send	1584	static
source/HLB_apcm.c:894:14:HLB_apcm_set_hfid_cnf_receive	1584	static
source/HLB_apcm.c:920:14:HLB_apcm_set_hd_duration_req_send	1584	static
source/HLB_apcm.c:945:14:HLB_apcm_set_hd_duration_cnf_receive	1584	static
source/HLB_apcm.c:971:14:HLB_apcm_unassociated_sta_ind_receive	1584	static
source/HLB_apcm.c:997:14:HLB_apcm_set_ppkeys_req_send	1584	static
source/HLB_apcm.c:1022:14:HLB_apcm_set_ppkeys_cnf_receive	1584	static
source/HLB_apcm.c:1048:14:HLB_apcm_conf_slac_req_send	1584	static
source/HLB_apcm.c:1073:14:HLB_apcm_conf_slac_cnf_receive	1584	static
