source/HLB_protocol.c:143:21:HLB_req_validate_and_create_headers	0	static
source/HLB_protocol.c:306:14:HLB_get_message_id	0	static
source/HLB_protocol.c:185:5:HLB_is_control_path_message	16	static
source/HLB_protocol.c:323:14:HLB_apcm_set_key_req_create	48	static
source/HLB_protocol.c:403:14:HLB_apcm_set_key_cnf_parse	32	static
source/HLB_protocol.c:409:14:HLB_apcm_get_key_req_create	0	static
source/HLB_protocol.c:419:14:HLB_apcm_get_key_cnf_parse	32	static
source/HLB_protocol.c:446:14:HLB_apcm_set_cco_req_create	16	static
source/HLB_protocol.c:480:14:HLB_apcm_set_cco_cnf_parse	32	static
source/HLB_protocol.c:486:14:HLB_apcm_get_ntb_req_create	0	static
source/HLB_protocol.c:495:14:HLB_apcm_get_ntb_cnf_parse	32	static
source/HLB_protocol.c:523:14:HLB_apcm_get_security_mode_req_create	0	static
source/HLB_protocol.c:532:14:HLB_apcm_get_security_mode_cnf_parse	32	static
source/HLB_protocol.c:567:14:HLB_apcm_set_security_mode_req_create	16	static
source/HLB_protocol.c:596:14:HLB_apcm_set_security_mode_cnf_parse	32	static
source/HLB_protocol.c:602:14:HLB_apcm_get_networks_req_create	0	static
source/HLB_protocol.c:611:14:HLB_apcm_get_networks_cnf_parse	32	static
source/HLB_protocol.c:657:14:HLB_apcm_set_networks_req_create	32	static
source/HLB_protocol.c:688:14:HLB_apcm_set_networks_cnf_parse	32	static
source/HLB_protocol.c:694:14:HLB_apcm_get_new_sta_req_create	0	static
source/HLB_protocol.c:703:14:HLB_apcm_get_new_sta_cnf_parse	32	static
source/HLB_protocol.c:743:14:HLB_apcm_get_new_sta_ind_parse	32	static
source/HLB_protocol.c:783:14:HLB_apcm_sta_restart_req_create	0	static
source/HLB_protocol.c:792:14:HLB_apcm_sta_restart_cnf_parse	32	static
source/HLB_protocol.c:798:14:HLB_apcm_net_exit_req_create	0	static
source/HLB_protocol.c:807:14:HLB_apcm_net_exit_cnf_parse	32	static
source/HLB_protocol.c:813:14:HLB_apcm_set_tone_mask_req_create	16	static
source/HLB_protocol.c:835:14:HLB_apcm_set_tone_mask_cnf_parse	32	static
source/HLB_protocol.c:841:14:HLB_apcm_sta_cap_req_create	0	static
source/HLB_protocol.c:850:14:HLB_apcm_sta_cap_cnf_parse	32	static
source/HLB_protocol.c:899:14:HLB_apcm_nw_info_req_create	0	static
source/HLB_protocol.c:908:14:HLB_apcm_nw_info_cnf_parse	32	static
source/HLB_protocol.c:952:14:HLB_nscm_link_stats_req_create	48	static
source/HLB_protocol.c:986:14:HLB_nscm_link_stats_cnf_parse	32	static
source/HLB_protocol.c:1048:14:HLB_apcm_get_beacon_req_create	32	static
source/HLB_protocol.c:1077:14:HLB_apcm_get_beacon_cnf_parse	32	static
source/HLB_protocol.c:1226:14:HLB_apcm_get_hfid_req_create	96	static
source/HLB_protocol.c:1266:14:HLB_apcm_get_hfid_cnf_parse	32	static
source/HLB_protocol.c:1302:14:HLB_apcm_set_hfid_req_create	96	static
source/HLB_protocol.c:1331:14:HLB_apcm_set_hfid_cnf_parse	32	static
source/HLB_protocol.c:1337:14:HLB_apcm_set_hd_duration_req_create	16	static
source/HLB_protocol.c:1366:14:HLB_apcm_set_hd_duration_cnf_parse	32	static
source/HLB_protocol.c:1372:14:HLB_apcm_unassociated_sta_ind_parse	32	static
source/HLB_protocol.c:1406:14:HLB_apcm_set_ppkeys_req_create	96	static
source/HLB_protocol.c:1438:14:HLB_apcm_set_ppkeys_cnf_parse	32	static
source/HLB_protocol.c:1444:14:HLB_apcm_conf_slac_req_create	16	static
source/HLB_protocol.c:1474:14:HLB_apcm_conf_slac_cnf_parse	32	static
source/HLB_protocol.c:1480:14:HLB_nscm_get_fw_version_req_create	0	static
source/HLB_protocol.c:1489:14:HLB_nscm_get_fw_version_cnf_parse	32	static
source/HLB_protocol.c:1519:14:HLB_nscm_reset_device_req_create	16	static
source/HLB_protocol.c:1550:14:HLB_nscm_get_ce2_info_cnf_parse	32	static
source/HLB_protocol.c:1590:14:HLB_nscm_get_ce2_info_req_create	0	static
source/HLB_protocol.c:1600:14:HLB_nscm_get_ce2_data_req_create	16	static
source/HLB_protocol.c:1630:14:HLB_nscm_get_ce2_data_cnf_parse	32	static
source/HLB_protocol.c:1672:14:HLB_nscm_get_lnoe_cnf_parse	32	static
source/HLB_protocol.c:1709:14:HLB_nscm_get_lnoe_req_create	0	static
source/HLB_protocol.c:1719:14:HLB_nscm_get_snre_cnf_parse	32	static
source/HLB_protocol.c:1757:14:HLB_nscm_get_snre_req_create	0	static
source/HLB_protocol.c:1766:14:HLB_nscm_abort_dump_action_req_create	0	static
source/HLB_protocol.c:1803:14:HLB_nscm_abort_dump_action_cnf_parse	32	static
source/HLB_protocol.c:1809:14:HLB_nscm_enter_phy_mode_req_create	0	static
source/HLB_protocol.c:1819:14:HLB_nscm_enter_phy_mode_cnf_parse	32	static
source/HLB_protocol.c:1825:14:HLB_nscm_read_mem_req_create	16	static
source/HLB_protocol.c:1856:14:HLB_nscm_read_mem_cnf_parse	32	static
source/HLB_protocol.c:1882:14:HLB_nscm_write_mem_req_create	32	static
source/HLB_protocol.c:1915:14:HLB_nscm_write_mem_cnf_parse	32	static
source/HLB_protocol.c:1921:14:HLB_nscm_get_dc_calib_req_create	0	static
source/HLB_protocol.c:1931:14:HLB_nscm_get_dc_calib_cnf_parse	32	static
source/HLB_protocol.c:1957:14:HLB_nscm_get_device_state_req_create	0	static
source/HLB_protocol.c:1967:14:HLB_nscm_get_device_state_cnf_parse	32	static
source/HLB_protocol.c:1992:14:HLB_nscm_get_d_link_status_req_create	0	static
source/HLB_protocol.c:2002:14:HLB_nscm_get_d_link_status_cnf_parse	32	static
source/HLB_protocol.c:2027:14:HLB_nscm_host_message_status_ind_parse	32	static
source/HLB_protocol.c:2059:14:HLB_nscm_d_link_ready_ind_parse	32	static
source/HLB_protocol.c:2093:14:HLB_nscm_d_link_terminate_req_create	0	static
source/HLB_protocol.c:2103:14:HLB_nscm_device_info_req_create	0	static
source/HLB_protocol.c:2113:14:HLB_nscm_device_info_cnf_parse	32	static
source/HLB_protocol.c:2154:14:HLB_nscm_get_amp_map_req_create	0	static
source/HLB_protocol.c:2164:14:HLB_nscm_get_amp_map_cnf_parse	64	static
