source/HLB_nscm.c:35:14:HLB_nscm_link_stats_req_send	1584	static
source/HLB_nscm.c:60:14:HLB_nscm_link_stats_cnf_receive	1584	static
source/HLB_nscm.c:86:14:HLB_nscm_get_d_link_status_req_send	1584	static
source/HLB_nscm.c:110:14:HLB_nscm_get_d_link_status_cnf_receive	1584	static
source/HLB_nscm.c:136:14:HLB_nscm_get_device_state_req_send	1584	static
source/HLB_nscm.c:160:14:HLB_nscm_get_device_state_cnf_receive	1584	static
source/HLB_nscm.c:186:14:HLB_nscm_get_dc_calib_req_send	1584	static
source/HLB_nscm.c:210:14:HLB_nscm_get_dc_calib_cnf_receive	1584	static
source/HLB_nscm.c:236:14:HLB_nscm_write_mem_req_send	1584	static
source/HLB_nscm.c:262:14:HLB_nscm_write_mem_cnf_receive	1584	static
source/HLB_nscm.c:289:14:HLB_nscm_read_mem_cnf_receive	1584	static
source/HLB_nscm.c:316:14:HLB_nscm_read_mem_req_send	1584	static
source/HLB_nscm.c:342:14:HLB_nscm_enter_phy_mode_req_send	1584	static
source/HLB_nscm.c:366:14:HLB_nscm_enter_phy_mode_cnf_receive	1584	static
source/HLB_nscm.c:392:14:HLB_nscm_abort_dump_action_req_send	1584	static
source/HLB_nscm.c:416:14:HLB_nscm_abort_dump_action_cnf_receive	1584	static
source/HLB_nscm.c:442:14:HLB_nscm_get_snre_req_send	1584	static
source/HLB_nscm.c:466:14:HLB_nscm_get_snre_cnf_receive	1584	static
source/HLB_nscm.c:492:14:HLB_nscm_get_ce2_info_req_send	1584	static
source/HLB_nscm.c:516:14:HLB_nscm_get_ce2_info_cnf_receive	1584	static
source/HLB_nscm.c:542:14:HLB_nscm_get_ce2_data_req_send	1584	static
source/HLB_nscm.c:567:14:HLB_nscm_get_ce2_data_cnf_receive	1584	static
source/HLB_nscm.c:593:14:HLB_nscm_get_lnoe_req_send	1584	static
source/HLB_nscm.c:617:14:HLB_nscm_get_lnoe_cnf_receive	1584	static
source/HLB_nscm.c:643:14:HLB_nscm_get_fw_version_req_send	1584	static
source/HLB_nscm.c:667:14:HLB_nscm_get_fw_version_cnf_receive	1584	static
source/HLB_nscm.c:693:14:HLB_nscm_reset_device_req_send	1584	static
source/HLB_nscm.c:718:14:HLB_nscm_host_message_status_ind_receive	1584	static
source/HLB_nscm.c:744:14:HLB_nscm_d_link_ready_ind_receive	1584	static
source/HLB_nscm.c:770:14:HLB_nscm_d_link_terminate_req_send	1584	static
source/HLB_nscm.c:794:14:HLB_nscm_d_link_terminate_cnf_receive	1552	static
source/HLB_nscm.c:813:14:HLB_nscm_device_info_req_send	1584	static
source/HLB_nscm.c:837:14:HLB_nscm_device_info_cnf_receive	1584	static
source/HLB_nscm.c:863:14:HLB_nscm_get_amp_map_req_send	1584	static
source/HLB_nscm.c:887:14:HLB_nscm_get_amp_map_cnf_receive	1664	static
